// Jest Snapshot v1, https://goo.gl/fbAQLP

exports[`PhoneDetailComponent matches the snapshot 1`] = `
<Row>
  <Row
    className="container"
  >
    <Col
      l={4}
      m={4}
      s={12}
    >
      <div
        className="div_panel scale-transition"
      >
        <img
          className="div_panel-image"
        />
      </div>
    </Col>
    <Col
      l={8}
      m={8}
      s={12}
    >
      <Table>
        <tbody>
          <tr>
            <td>
              Model
            </td>
            <td />
          </tr>
          <tr>
            <td>
              Brand
            </td>
            <td />
          </tr>
          <tr>
            <td>
              Colour
            </td>
            <td />
          </tr>
          <tr>
            <td>
              Description
            </td>
            <td />
          </tr>
          <tr>
            <td>
              Price
            </td>
            <td />
          </tr>
          <tr>
            <td>
              Storage
            </td>
            <td />
          </tr>
        </tbody>
      </Table>
    </Col>
  </Row>
</Row>
`;
